// Jest Snapshot v1, https://goo.gl/fbAQLP

exports[`ret i1 0 1`] = `
Object {
  "length": 3,
  "node": Object {
    "data": Object {
      "type": Object {
        "data": 1,
        "type": Object {
          "enum": Object {
            "0": "FILE",
            "1": "DECLARE",
            "10": "IDENTIFIER",
            "11": "NUMBER",
            "12": "VOID_TYPE",
            "13": "BLOCK",
            "14": "RETURN_INSTRUCTION",
            "2": "FUNCTION",
            "3": "INTEGER_TYPE",
            "4": "GLOBAL_VARIABLE",
            "5": "STRING",
            "6": "FLOAT_TYPE",
            "7": "POINTER_TYPE",
            "8": "ARRAY_TYPE",
            "9": "STRUCT_TYPE",
            "ARRAY_TYPE": 8,
            "BLOCK": 13,
            "DECLARE": 1,
            "FILE": 0,
            "FLOAT_TYPE": 6,
            "FUNCTION": 2,
            "GLOBAL_VARIABLE": 4,
            "IDENTIFIER": 10,
            "INTEGER_TYPE": 3,
            "NUMBER": 11,
            "POINTER_TYPE": 7,
            "RETURN_INSTRUCTION": 14,
            "STRING": 5,
            "STRUCT_TYPE": 9,
            "VOID_TYPE": 12,
          },
          "id": 3,
        },
      },
      "value": Object {
        "data": 0,
        "type": Object {
          "enum": Object {
            "0": "FILE",
            "1": "DECLARE",
            "10": "IDENTIFIER",
            "11": "NUMBER",
            "12": "VOID_TYPE",
            "13": "BLOCK",
            "14": "RETURN_INSTRUCTION",
            "2": "FUNCTION",
            "3": "INTEGER_TYPE",
            "4": "GLOBAL_VARIABLE",
            "5": "STRING",
            "6": "FLOAT_TYPE",
            "7": "POINTER_TYPE",
            "8": "ARRAY_TYPE",
            "9": "STRUCT_TYPE",
            "ARRAY_TYPE": 8,
            "BLOCK": 13,
            "DECLARE": 1,
            "FILE": 0,
            "FLOAT_TYPE": 6,
            "FUNCTION": 2,
            "GLOBAL_VARIABLE": 4,
            "IDENTIFIER": 10,
            "INTEGER_TYPE": 3,
            "NUMBER": 11,
            "POINTER_TYPE": 7,
            "RETURN_INSTRUCTION": 14,
            "STRING": 5,
            "STRUCT_TYPE": 9,
            "VOID_TYPE": 12,
          },
          "id": 11,
        },
      },
    },
    "type": Object {
      "enum": Object {
        "0": "FILE",
        "1": "DECLARE",
        "10": "IDENTIFIER",
        "11": "NUMBER",
        "12": "VOID_TYPE",
        "13": "BLOCK",
        "14": "RETURN_INSTRUCTION",
        "2": "FUNCTION",
        "3": "INTEGER_TYPE",
        "4": "GLOBAL_VARIABLE",
        "5": "STRING",
        "6": "FLOAT_TYPE",
        "7": "POINTER_TYPE",
        "8": "ARRAY_TYPE",
        "9": "STRUCT_TYPE",
        "ARRAY_TYPE": 8,
        "BLOCK": 13,
        "DECLARE": 1,
        "FILE": 0,
        "FLOAT_TYPE": 6,
        "FUNCTION": 2,
        "GLOBAL_VARIABLE": 4,
        "IDENTIFIER": 10,
        "INTEGER_TYPE": 3,
        "NUMBER": 11,
        "POINTER_TYPE": 7,
        "RETURN_INSTRUCTION": 14,
        "STRING": 5,
        "STRUCT_TYPE": 9,
        "VOID_TYPE": 12,
      },
      "id": 14,
    },
  },
}
`;
